{
    "Drama": [
        "/sections/Books/NonSpecial",
        "/sections/Movies/Art"
    ]
}
