{
    "Films": [
        "/sections/Posts/Kinopoisk/20-21 century"
    ]
}
