{
    "Drama": [
        "sections/Books/NonSpecial:",
        "sections/Movies/Art:"
    ],
    "Anime": [
        "sections/Movies/Anime/"
    ],
    "Films": [
        "sections/Posts/Kinopoisk/20-21 century:"
    ]
}
